// Vitest Snapshot v1, https://vitest.dev/guide/snapshot.html

exports[`project runner 1`] = `"<!--v-if-->"`;
